// Vitest Snapshot v1, https://vitest.dev/guide/snapshot.html

exports[`codegen 1`] = `
"export const conversions = {__proto__: null} as const;

export const bestUnits = {
	imperial: [],
	metric: [],
} as const;

export const temperatureDifferences = {__proto__: null} as const;
"
`;
